[
 {
  "Arn": "arn:aws:sns:us-east-1:526954929923:user-updates-topic:b6e66147-2b31-4486-8d4b-2a2272264c8e",
  "ConfirmationTimeoutInMinutes": 1,
  "DeliveryPolicy": "",
  "Endpoint": "arn:aws:sqs:us-east-1:526954929923:user-updates-queue",
  "EndpointAutoConfirms": false,
  "FilterPolicy": "",
  "Id": "arn:aws:sns:us-east-1:526954929923:user-updates-topic:b6e66147-2b31-4486-8d4b-2a2272264c8e",
  "Protocol": "sqs",
  "RawMessageDelivery": false,
  "TopicArn": "arn:aws:sns:us-east-1:526954929923:user-updates-topic"
 },
 {
  "Arn": "arn:aws:sns:us-east-1:526954929923:user-updates-topic2:c0f794c5-a009-4db4-9147-4c55959787fa",
  "ConfirmationTimeoutInMinutes": 1,
  "DeliveryPolicy": "",
  "Endpoint": "arn:aws:sqs:us-east-1:526954929923:user-updates-queue",
  "EndpointAutoConfirms": false,
  "FilterPolicy": "",
  "Id": "arn:aws:sns:us-east-1:526954929923:user-updates-topic2:c0f794c5-a009-4db4-9147-4c55959787fa",
  "Protocol": "sqs",
  "RawMessageDelivery": false,
  "TopicArn": "arn:aws:sns:us-east-1:526954929923:user-updates-topic2"
 }
]