[
 {
  "ApplicationFailureFeedbackRoleArn": "",
  "ApplicationSuccessFeedbackRoleArn": "",
  "ApplicationSuccessFeedbackSampleRate": 0,
  "Arn": "arn:aws:sns:eu-west-3:526954929923:user-updates-topic",
  "DeliveryPolicy": "{\"http\":{\"defaultHealthyRetryPolicy\":{\"minDelayTarget\":20,\"maxDelayTarget\":20,\"numRetries\":3,\"numMaxDelayRetries\":0,\"numNoDelayRetries\":0,\"numMinDelayRetries\":0,\"backoffFunction\":\"linear\"},\"disableSubscriptionOverrides\":false,\"defaultThrottlePolicy\":{\"maxReceivesPerSecond\":1}}}",
  "DisplayName": "",
  "HttpFailureFeedbackRoleArn": "",
  "HttpSuccessFeedbackRoleArn": "",
  "HttpSuccessFeedbackSampleRate": 0,
  "Id": "arn:aws:sns:eu-west-3:526954929923:user-updates-topic",
  "KmsMasterKeyId": "",
  "LambdaFailureFeedbackRoleArn": "",
  "LambdaSuccessFeedbackRoleArn": "",
  "LambdaSuccessFeedbackSampleRate": 0,
  "Name": "user-updates-topic",
  "NamePrefix": null,
  "Policy": "{\"Version\":\"2008-10-17\",\"Id\":\"__default_policy_ID\",\"Statement\":[{\"Sid\":\"__default_statement_ID\",\"Effect\":\"Allow\",\"Principal\":{\"AWS\":\"*\"},\"Action\":[\"SNS:GetTopicAttributes\",\"SNS:SetTopicAttributes\",\"SNS:AddPermission\",\"SNS:RemovePermission\",\"SNS:DeleteTopic\",\"SNS:Subscribe\",\"SNS:ListSubscriptionsByTopic\",\"SNS:Publish\",\"SNS:Receive\"],\"Resource\":\"arn:aws:sns:eu-west-3:526954929923:user-updates-topic\",\"Condition\":{\"StringEquals\":{\"AWS:SourceOwner\":\"526954929923\"}}}]}",
  "SqsFailureFeedbackRoleArn": "",
  "SqsSuccessFeedbackRoleArn": "",
  "SqsSuccessFeedbackSampleRate": 0,
  "Tags": {}
 },
 {
  "ApplicationFailureFeedbackRoleArn": "",
  "ApplicationSuccessFeedbackRoleArn": "",
  "ApplicationSuccessFeedbackSampleRate": 0,
  "Arn": "arn:aws:sns:eu-west-3:526954929923:user-updates-topic2",
  "DeliveryPolicy": "{\"http\":{\"defaultHealthyRetryPolicy\":{\"minDelayTarget\":20,\"maxDelayTarget\":20,\"numRetries\":3,\"numMaxDelayRetries\":0,\"numNoDelayRetries\":0,\"numMinDelayRetries\":0,\"backoffFunction\":\"linear\"},\"disableSubscriptionOverrides\":false,\"defaultThrottlePolicy\":{\"maxReceivesPerSecond\":1}}}",
  "DisplayName": "",
  "HttpFailureFeedbackRoleArn": "",
  "HttpSuccessFeedbackRoleArn": "",
  "HttpSuccessFeedbackSampleRate": 0,
  "Id": "arn:aws:sns:eu-west-3:526954929923:user-updates-topic2",
  "KmsMasterKeyId": "",
  "LambdaFailureFeedbackRoleArn": "",
  "LambdaSuccessFeedbackRoleArn": "",
  "LambdaSuccessFeedbackSampleRate": 0,
  "Name": "user-updates-topic2",
  "NamePrefix": null,
  "Policy": "{\"Version\":\"2008-10-17\",\"Id\":\"__default_policy_ID\",\"Statement\":[{\"Sid\":\"__default_statement_ID\",\"Effect\":\"Allow\",\"Principal\":{\"AWS\":\"*\"},\"Action\":[\"SNS:GetTopicAttributes\",\"SNS:SetTopicAttributes\",\"SNS:AddPermission\",\"SNS:RemovePermission\",\"SNS:DeleteTopic\",\"SNS:Subscribe\",\"SNS:ListSubscriptionsByTopic\",\"SNS:Publish\",\"SNS:Receive\"],\"Resource\":\"arn:aws:sns:eu-west-3:526954929923:user-updates-topic2\",\"Condition\":{\"StringEquals\":{\"AWS:SourceOwner\":\"526954929923\"}}}]}",
  "SqsFailureFeedbackRoleArn": "",
  "SqsSuccessFeedbackRoleArn": "",
  "SqsSuccessFeedbackSampleRate": 0,
  "Tags": {}
 },
 {
  "ApplicationFailureFeedbackRoleArn": "",
  "ApplicationSuccessFeedbackRoleArn": "",
  "ApplicationSuccessFeedbackSampleRate": 0,
  "Arn": "arn:aws:sns:eu-west-3:526954929923:user-updates-topic3",
  "DeliveryPolicy": "",
  "DisplayName": "",
  "HttpFailureFeedbackRoleArn": "",
  "HttpSuccessFeedbackRoleArn": "",
  "HttpSuccessFeedbackSampleRate": 0,
  "Id": "arn:aws:sns:eu-west-3:526954929923:user-updates-topic3",
  "KmsMasterKeyId": "",
  "LambdaFailureFeedbackRoleArn": "",
  "LambdaSuccessFeedbackRoleArn": "",
  "LambdaSuccessFeedbackSampleRate": 0,
  "Name": "user-updates-topic3",
  "NamePrefix": null,
  "Policy": "{\"Version\":\"2008-10-17\",\"Id\":\"__default_policy_ID\",\"Statement\":[{\"Sid\":\"__default_statement_ID\",\"Effect\":\"Allow\",\"Principal\":{\"AWS\":\"*\"},\"Action\":[\"SNS:GetTopicAttributes\",\"SNS:SetTopicAttributes\",\"SNS:AddPermission\",\"SNS:RemovePermission\",\"SNS:DeleteTopic\",\"SNS:Subscribe\",\"SNS:ListSubscriptionsByTopic\",\"SNS:Publish\",\"SNS:Receive\"],\"Resource\":\"arn:aws:sns:eu-west-3:526954929923:user-updates-topic3\",\"Condition\":{\"StringEquals\":{\"AWS:SourceOwner\":\"526954929923\"}}}]}",
  "SqsFailureFeedbackRoleArn": "",
  "SqsSuccessFeedbackRoleArn": "",
  "SqsSuccessFeedbackSampleRate": 0,
  "Tags": {}
 }
]